Error de conexión a Azure: SQLSTATE[HY000] [1045] Access denied for user ''@'localhost' (using password: NO)
